<?php return array (
  0 => 'Symfony\\Bundle\\FrameworkBundle\\EventListener\\SessionListener',
  1 => 'Symfony\\Component\\HttpFoundation\\Session\\Storage\\NativeSessionStorage',
  2 => 'Symfony\\Component\\HttpFoundation\\Session\\Storage\\PhpBridgeSessionStorage',
  3 => 'Symfony\\Component\\HttpFoundation\\Session\\Storage\\Handler\\NativeFileSessionHandler',
  4 => 'Symfony\\Component\\HttpFoundation\\Session\\Storage\\Proxy\\AbstractProxy',
  5 => 'Symfony\\Component\\HttpFoundation\\Session\\Storage\\Proxy\\SessionHandlerProxy',
  6 => 'Symfony\\Component\\HttpFoundation\\Session\\Session',
  8 => 'Symfony\\Component\\Config\\FileLocator',
  9 => 'Symfony\\Component\\Debug\\ErrorHandler',
  10 => 'Symfony\\Component\\EventDispatcher\\Event',
  11 => 'Symfony\\Component\\EventDispatcher\\ContainerAwareEventDispatcher',
  12 => 'Symfony\\Component\\HttpKernel\\EventListener\\ResponseListener',
  13 => 'Symfony\\Component\\HttpKernel\\EventListener\\RouterListener',
  14 => 'Symfony\\Component\\HttpKernel\\Controller\\ControllerResolver',
  15 => 'Symfony\\Component\\HttpKernel\\Event\\KernelEvent',
  16 => 'Symfony\\Component\\HttpKernel\\Event\\FilterControllerEvent',
  17 => 'Symfony\\Component\\HttpKernel\\Event\\FilterResponseEvent',
  18 => 'Symfony\\Component\\HttpKernel\\Event\\GetResponseEvent',
  19 => 'Symfony\\Component\\HttpKernel\\Event\\GetResponseForControllerResultEvent',
  20 => 'Symfony\\Component\\HttpKernel\\Event\\GetResponseForExceptionEvent',
  21 => 'Symfony\\Component\\HttpKernel\\KernelEvents',
  22 => 'Symfony\\Component\\HttpKernel\\Config\\FileLocator',
  23 => 'Symfony\\Bundle\\FrameworkBundle\\Controller\\ControllerNameParser',
  24 => 'Symfony\\Bundle\\FrameworkBundle\\Controller\\ControllerResolver',
  25 => 'Doctrine\\Common\\Annotations\\DocLexer',
  26 => 'Doctrine\\Common\\Annotations\\FileCacheReader',
  27 => 'Doctrine\\Common\\Annotations\\PhpParser',
  28 => 'Doctrine\\Common\\Annotations\\Reader',
  29 => 'Doctrine\\Common\\Lexer',
  30 => 'Doctrine\\Common\\Persistence\\ConnectionRegistry',
  31 => 'Doctrine\\Common\\Persistence\\Proxy',
  32 => 'Doctrine\\Common\\Util\\ClassUtils',
  33 => 'Doctrine\\Bundle\\DoctrineBundle\\Registry',
);